
akash@AKASH-PC MINGW64 /d/gittutorials
$ git init
Initialized empty Git repository in D:/gittutorials/.git/

akash@AKASH-PC MINGW64 /d/gittutorials (master)
$ git add remote origin "https://github.com/akashcaptain/gittutorials.git"
fatal: pathspec 'remote' did not match any files

akash@AKASH-PC MINGW64 /d/gittutorials (master)
$ git remote add origin "https://github.com/akashcaptain/gittutorials.git"

akash@AKASH-PC MINGW64 /d/gittutorials (master)
$ git pull origin master
remote: Enumerating objects: 3, done.
remote: Counting objects: 100% (3/3), done.
remote: Total 3 (delta 0), reused 0 (delta 0), pack-reused 0
Unpacking objects: 100% (3/3), 615 bytes | 25.00 KiB/s, done.
From https://github.com/akashcaptain/gittutorials


akash@AKASH-PC MINGW64 /d/gittutorials (master)
$ git status
On branch master
Changes not staged for commit:
  (use "git add <file>..." to update what will be committed)
  (use "git restore <file>..." to discard changes in working directory)
        modified:   README.md

Untracked files:
  (use "git add <file>..." to include in what will be committed)
        Commands.txt

no changes added to commit (use "git add" and/or "git commit -a")

akash@AKASH-PC MINGW64 /d/gittutorials (master)
$ git add Commands.txt

akash@AKASH-PC MINGW64 /d/gittutorials (master)
$ git status
On branch master
Changes to be committed:
  (use "git restore --staged <file>..." to unstage)
        new file:   Commands.txt

Changes not staged for commit:
  (use "git add <file>..." to update what will be committed)
  (use "git restore <file>..." to discard changes in working directory)
        modified:   README.md


akash@AKASH-PC MINGW64 /d/gittutorials (master)
$ git add README.md

akash@AKASH-PC MINGW64 /d/gittutorials (master)
$ git status
On branch master
Changes to be committed:
  (use "git restore --staged <file>..." to unstage)
        new file:   Commands.txt
        modified:   README.md

akash@AKASH-PC MINGW64 /d/gittutorials (master)
$ git add -A


akash@AKASH-PC MINGW64 /d/gittutorials (master)
$ git commit -m "adding first commit in local repo"
[master a74d31f] adding first commit in local repo
 2 files changed, 67 insertions(+)
 create mode 100644 Commands.txt

akash@AKASH-PC MINGW64 /d/gittutorials (master)
$
akash@AKASH-PC MINGW64 /d/gittutorials (master)
$ git commit -m "adding first commit in local repo"
[master a74d31f] adding first commit in local repo
 2 files changed, 67 insertions(+)
 create mode 100644 Commands.txt

akash@AKASH-PC MINGW64 /d/gittutorials (master)
$ git commit -a -m "all together in local repo "
[master 4834426] all together in local repo
 1 file changed, 10 insertions(+)

akash@AKASH-PC MINGW64 /d/gittutorials (master)
$ git status
On branch master
Untracked files:
  (use "git add <file>..." to include in what will be committed)
        Extra.txt

nothing added to commit but untracked files present (use "git add" to track)

akash@AKASH-PC MINGW64 /d/gittutorials (master)
$ git add Extra.txt

akash@AKASH-PC MINGW64 /d/gittutorials (master)
$ git commit -a -m "all together in local repo "
[master 66d5968] all together in local repo
 1 file changed, 0 insertions(+), 0 deletions(-)
 create mode 100644 Extra.txt

akash@AKASH-PC MINGW64 /d/gittutorials (master)
$ git status
On branch master
nothing to commit, working tree clean

akash@AKASH-PC MINGW64 /d/gittutorials (master)
$

akash@AKASH-PC MINGW64 /d/gittutorials (master)
$ git log
commit 66d59680ca7e69ee59c4c6966fefe095cfc68f95 (HEAD -> master)
Author: akash1998 <akash.online98@gmail.com>
Date:   Sun Apr 4 14:20:11 2021 +0530

    all together in local repo

commit 48344262c9ee11ef7c73af35b02b04de724caf8d
Author: akash1998 <akash.online98@gmail.com>
Date:   Sun Apr 4 14:19:42 2021 +0530

    all together in local repo

commit a74d31f38d10ed6e3b2be25beed28a7a6a83fa8f
Author: akash1998 <akash.online98@gmail.com>
Date:   Sun Apr 4 14:12:52 2021 +0530

    adding first commit in local repo

commit 6ada07ae4a90cdf0455304565bcce883b10571a5 (origin/master)
Author: akash1998 <63636746+akashcaptain@users.noreply.github.com>
Date:   Sun Apr 4 13:08:33 2021 +0530

    Initial commit

akash@AKASH-PC MINGW64 /d/gittutorials (master)
$


