
akash@AKASH-PC MINGW64 /d/gittutorials
$ git init
Initialized empty Git repository in D:/gittutorials/.git/

akash@AKASH-PC MINGW64 /d/gittutorials (master)
$ git add remote origin "https://github.com/akashcaptain/gittutorials.git"
fatal: pathspec 'remote' did not match any files

akash@AKASH-PC MINGW64 /d/gittutorials (master)
$ git remote add origin "https://github.com/akashcaptain/gittutorials.git"

akash@AKASH-PC MINGW64 /d/gittutorials (master)
$ git pull origin master
remote: Enumerating objects: 3, done.
remote: Counting objects: 100% (3/3), done.
remote: Total 3 (delta 0), reused 0 (delta 0), pack-reused 0
Unpacking objects: 100% (3/3), 615 bytes | 25.00 KiB/s, done.
From https://github.com/akashcaptain/gittutorials


akash@AKASH-PC MINGW64 /d/gittutorials (master)
$ git status
On branch master
Changes not staged for commit:
  (use "git add <file>..." to update what will be committed)
  (use "git restore <file>..." to discard changes in working directory)
        modified:   README.md

Untracked files:
  (use "git add <file>..." to include in what will be committed)
        Commands.txt

no changes added to commit (use "git add" and/or "git commit -a")

akash@AKASH-PC MINGW64 /d/gittutorials (master)
$ git add Commands.txt

akash@AKASH-PC MINGW64 /d/gittutorials (master)
$ git status
On branch master
Changes to be committed:
  (use "git restore --staged <file>..." to unstage)
        new file:   Commands.txt

Changes not staged for commit:
  (use "git add <file>..." to update what will be committed)
  (use "git restore <file>..." to discard changes in working directory)
        modified:   README.md


akash@AKASH-PC MINGW64 /d/gittutorials (master)
$ git add README.md

akash@AKASH-PC MINGW64 /d/gittutorials (master)
$ git status
On branch master
Changes to be committed:
  (use "git restore --staged <file>..." to unstage)
        new file:   Commands.txt
        modified:   README.md




